[music] ◇ injected env (16) from .env // tip: ◈ encrypted .env [www.dotenvx.com]
[music] [WESH SYSTEM] Müzik başlatıcısı zaten çalışıyor; ikinci başlatma yapılmadı.
[music] kapandı: 0
[community] [register-1] ◇ injected env (16) from .env // tip: ⌁ auth for agents [www.vestauth.com]
[community] [register-2] ◇ injected env (16) from .env // tip: ◈ secrets for agents [www.dotenvx.com]
[community] [register-3] ◇ injected env (16) from .env // tip: ◈ encrypted .env [www.dotenvx.com]
[community] [security-1] ◇ injected env (16) from .env // tip: ⌘ custom filepath { path: '/custom/path/.env' }
[community] [security-2] ◇ injected env (16) from .env // tip: ⌁ auth for agents [www.vestauth.com]
[community] [security-3] ◇ injected env (16) from .env // tip: ⌘ enable debugging { debug: true }
[community] [general-1] ◇ injected env (16) from .env // tip: ⌘ enable debugging { debug: true }
[community] [general-2] ◇ injected env (16) from .env // tip: ◈ encrypted .env [www.dotenvx.com]
[community] [register-1] ◇ injected env (0) from .env // tip: ⌘ enable debugging { debug: true }
[community] [register-2] [WESH SYSTEM] Wesh Register 2 aktif oldu — ☆ The Wêsh Register B#6902
[community] [security-2] Security 2 active: ☆ The Wêsh Security B#1407
[community] [general-2] Wesh Arcade aktif: ☆ The Wêsh Moderatör B#6632
[community] [register-1] [WESH SYSTEM] Wesh Register 1 aktif oldu — ☆ The Wêsh Register A#3849
[community] [security-3] Security 3 active: ☆ The Wêsh Security C#2346
[community] [security-1] Security 1 active: ☆ The Wêsh Security A#8153
[community] [general-1] [WESH SYSTEM] Moderatör A active - ☆ The Wêsh Moderatör A#1617
[community] [general-1] [WESH SYSTEM] Confession review privacy failed: Missing Permissions
[community] [general-1] [WESH SYSTEM] Owner review access failed: Missing Permissions
[community] [register-3] [WESH SYSTEM] Wesh Register 3 aktif oldu — ☆ The Wêsh Register C#3979
[community] [general-1] [WESH SYSTEM] Bot review access failed: Missing Permissions
[community] [general-1] [WESH SYSTEM] Private room ready: trigger=827279622512967740, category=827279622013714502
[community] [general-1] [WESH SYSTEM] Private room panel updated: 827245424199991377
[music] yeniden başlatılıyor...
[music] ◇ injected env (16) from .env // tip: ◈ encrypted .env [www.dotenvx.com]
[music] [WESH SYSTEM] Lavalink hazır değil (1/30); bekleniyor...
[music] [WESH SYSTEM] Lavalink hazır değil (2/30); bekleniyor...
[music] [WESH SYSTEM] Lavalink hazır değil (3/30); bekleniyor...
[music] [WESH SYSTEM] Lavalink hazır değil (4/30); bekleniyor...
[music] [WESH SYSTEM] Lavalink hazır değil (5/30); bekleniyor...
[music] [WESH SYSTEM] Lavalink hazır değil (6/30); bekleniyor...
[music] [WESH SYSTEM] Lavalink hazır değil (7/30); bekleniyor...
[music] [WESH SYSTEM] Lavalink hazır değil (8/30); bekleniyor...
[music] [WESH SYSTEM] Lavalink hazır değil (9/30); bekleniyor...
[music] [WESH SYSTEM] Lavalink hazır değil (10/30); bekleniyor...
[music] [WESH SYSTEM] Lavalink hazır değil (11/30); bekleniyor...
[music] [WESH SYSTEM] Lavalink hazır değil (12/30); bekleniyor...
[music] [WESH SYSTEM] Lavalink hazır değil (13/30); bekleniyor...
[music] [WESH SYSTEM] Lavalink hazır değil (14/30); bekleniyor...
[music] [WESH SYSTEM] Lavalink hazır değil (15/30); bekleniyor...
[music] [WESH SYSTEM] Lavalink hazır değil (16/30); bekleniyor...
[music] [WESH SYSTEM] Lavalink hazır değil (17/30); bekleniyor...
[music] [WESH SYSTEM] Lavalink hazır değil (18/30); bekleniyor...
[music] [WESH SYSTEM] Lavalink hazır değil (19/30); bekleniyor...
[music] [WESH SYSTEM] Lavalink hazır değil (20/30); bekleniyor...
[community] [security-3] Security 3 ses kanalına bağlandı.
[music] [WESH SYSTEM] Lavalink hazır değil (21/30); bekleniyor...
[community] [register-3] [WESH SYSTEM] Wesh Register 3: bekleme sesi bağlantı hatası: Cannot perform IP discovery - socket closed
[music] [WESH SYSTEM] Lavalink hazır değil (22/30); bekleniyor...
[music] [WESH SYSTEM] Lavalink hazır değil (23/30); bekleniyor...
[music] [WESH SYSTEM] Lavalink hazır değil (24/30); bekleniyor...
[music] [WESH SYSTEM] Lavalink hazır değil (25/30); bekleniyor...
[community] [register-3] [WESH SYSTEM] Wesh Register 3: bekleme sesi bağlantı hatası: Cannot perform IP discovery - socket closed
[music] [WESH SYSTEM] Lavalink hazır değil (26/30); bekleniyor...
[community] [register-2] [WESH SYSTEM] Wesh Register 2: bekleme sesi bağlantı hatası: Cannot perform IP discovery - socket closed
[music] [WESH SYSTEM] Lavalink hazır değil (27/30); bekleniyor...
[music] [WESH SYSTEM] Lavalink hazır değil (28/30); bekleniyor...
[music] [WESH SYSTEM] Lavalink hazır değil (29/30); bekleniyor...
[music] [WESH SYSTEM] Lavalink hazır değil (30/30); bekleniyor...
[music] kapandı: 1
[community] [register-2] [WESH SYSTEM] Wesh Register 2: bekleme sesi bağlantı hatası: Cannot perform IP discovery - socket closed
