(node:36924) DeprecationWarning: The ready event has been renamed to clientReady to distinguish it from the gateway READY event and will only emit under that name in v15. Please use clientReady instead.
(Use `node --trace-deprecation ...` to show where the warning was created)
Dashboard error: listen EADDRINUSE: address already in use 127.0.0.1:3050
Moderatör A ses bağlantı hatası: Cannot perform IP discovery - socket closed
Moderatör A ses bağlantı hatası: Cannot perform IP discovery - socket closed
Moderatör A ses bağlantı hatası: Cannot perform IP discovery - socket closed
Moderatör A ses bağlantı hatası: Cannot perform IP discovery - socket closed
Moderatör A ses bağlantı hatası: Cannot perform IP discovery - socket closed
Moderatör A ses bağlantı hatası: Cannot perform IP discovery - socket closed
Moderatör A ses bağlantı hatası: Cannot perform IP discovery - socket closed
Moderatör A ses bağlantı hatası: Cannot perform IP discovery - socket closed
Moderatör A ses bağlantı hatası: Cannot perform IP discovery - socket closed
Moderatör A ses bağlantı hatası: The operation was aborted
Moderatör A ses bağlantı hatası: Cannot perform IP discovery - socket closed
Moderatör A ses bağlantı hatası: Cannot perform IP discovery - socket closed
Moderatör A ses bağlantı hatası: Cannot perform IP discovery - socket closed
Moderatör A ses bağlantı hatası: Cannot perform IP discovery - socket closed
Moderatör A ses bağlantı hatası: Cannot perform IP discovery - socket closed
Moderatör A ses bağlantı hatası: Cannot perform IP discovery - socket closed
Moderatör A ses bağlantı hatası: Cannot perform IP discovery - socket closed
Moderatör A ses bağlantı hatası: Cannot perform IP discovery - socket closed
Moderatör A ses bağlantı hatası: Cannot perform IP discovery - socket closed
Moderatör A ses bağlantı hatası: Cannot perform IP discovery - socket closed
Moderatör A ses bağlantı hatası: Cannot perform IP discovery - socket closed
Moderatör A ses bağlantı hatası: Cannot perform IP discovery - socket closed
Moderatör A ses bağlantı hatası: Cannot perform IP discovery - socket closed
Moderatör A ses bağlantı hatası: Cannot perform IP discovery - socket closed
Moderatör A ses bağlantı hatası: The operation was aborted
Moderatör A ses bağlantı hatası: The operation was aborted
Moderatör A ses bağlantı hatası: Cannot perform IP discovery - socket closed
Moderatör A ses bağlantı hatası: Cannot perform IP discovery - socket closed
Moderatör A ses bağlantı hatası: Cannot perform IP discovery - socket closed
Moderatör A ses bağlantı hatası: Cannot perform IP discovery - socket closed
Moderatör A ses bağlantı hatası: Cannot perform IP discovery - socket closed
Moderatör A ses bağlantı hatası: Cannot perform IP discovery - socket closed
Moderatör A ses bağlantı hatası: Cannot perform IP discovery - socket closed
Moderatör A ses bağlantı hatası: Cannot perform IP discovery - socket closed
Moderatör A ses bağlantı hatası: Cannot perform IP discovery - socket closed
Moderatör A ses bağlantı hatası: Cannot perform IP discovery - socket closed
Moderatör A ses bağlantı hatası: Cannot perform IP discovery - socket closed
Moderatör A ses bağlantı hatası: Cannot perform IP discovery - socket closed
Moderatör A ses bağlantı hatası: Cannot perform IP discovery - socket closed
(node:36924) Warning: Supplying "ephemeral" for interaction response options is deprecated. Utilize flags instead.
Moderatör A ses bağlantı hatası: Cannot perform IP discovery - socket closed
Moderatör A ses bağlantı hatası: Cannot perform IP discovery - socket closed
Moderatör A ses bağlantı hatası: The operation was aborted
Moderatör A ses bağlantı hatası: The operation was aborted
Moderatör A ses bağlantı hatası: The operation was aborted
Moderatör A ses bağlantı hatası: The operation was aborted
Moderatör A ses bağlantı hatası: Cannot perform IP discovery - socket closed
Moderatör A ses bağlantı hatası: Cannot perform IP discovery - socket closed
Moderatör A ses bağlantı hatası: Cannot perform IP discovery - socket closed
Moderatör A ses bağlantı hatası: The operation was aborted
Moderatör A ses bağlantı hatası: The operation was aborted
Moderatör A ses bağlantı hatası: Cannot perform IP discovery - socket closed
Moderatör A ses bağlantı hatası: Cannot perform IP discovery - socket closed
Moderatör A ses bağlantı hatası: The operation was aborted
Moderatör A ses bağlantı hatası: The operation was aborted
Moderatör A ses bağlantı hatası: The operation was aborted
Moderatör A ses bağlantı hatası: The operation was aborted
Moderatör A ses bağlantı hatası: The operation was aborted
Moderatör A ses bağlantı hatası: The operation was aborted
Moderatör A ses bağlantı hatası: The operation was aborted
Moderatör A ses bağlantı hatası: The operation was aborted
Moderatör A ses bağlantı hatası: The operation was aborted
Moderatör A ses bağlantı hatası: The operation was aborted
Moderatör A ses bağlantı hatası: The operation was aborted
Moderatör A ses bağlantı hatası: The operation was aborted
Moderatör A ses bağlantı hatası: Cannot perform IP discovery - socket closed
Moderatör A ses bağlantı hatası: Cannot perform IP discovery - socket closed
Moderatör A ses bağlantı hatası: The operation was aborted
Moderatör A ses bağlantı hatası: The operation was aborted
Moderatör A ses bağlantı hatası: Cannot perform IP discovery - socket closed
Moderatör A ses bağlantı hatası: Cannot perform IP discovery - socket closed
Moderatör A ses bağlantı hatası: The operation was aborted
Moderatör A ses bağlantı hatası: Cannot perform IP discovery - socket closed
Moderatör A ses bağlantı hatası: Cannot perform IP discovery - socket closed
Moderatör A ses bağlantı hatası: Cannot perform IP discovery - socket closed
Moderatör A ses bağlantı hatası: Cannot perform IP discovery - socket closed
Moderatör A ses bağlantı hatası: Cannot perform IP discovery - socket closed
Moderatör A ses bağlantı hatası: The operation was aborted
Moderatör A ses bağlantı hatası: Cannot perform IP discovery - socket closed
Moderatör A ses bağlantı hatası: Cannot perform IP discovery - socket closed
Moderatör A ses bağlantı hatası: Cannot perform IP discovery - socket closed
Moderatör A ses bağlantı hatası: Cannot perform IP discovery - socket closed
Moderatör A ses bağlantı hatası: The operation was aborted
Moderatör A ses bağlantı hatası: The operation was aborted
Moderatör A ses bağlantı hatası: The operation was aborted
Moderatör A ses bağlantı hatası: Cannot perform IP discovery - socket closed
Moderatör A ses bağlantı hatası: Cannot perform IP discovery - socket closed
Moderatör A ses bağlantı hatası: Cannot perform IP discovery - socket closed
Moderatör A ses bağlantı hatası: Cannot perform IP discovery - socket closed
Moderatör A ses bağlantı hatası: Cannot perform IP discovery - socket closed
Moderatör A ses bağlantı hatası: Cannot perform IP discovery - socket closed
Moderatör A ses bağlantı hatası: Cannot perform IP discovery - socket closed
Moderatör A ses bağlantı hatası: Cannot perform IP discovery - socket closed
Moderatör A ses bağlantı hatası: Cannot perform IP discovery - socket closed
Moderatör A ses bağlantı hatası: Cannot perform IP discovery - socket closed
Moderatör A ses bağlantı hatası: Cannot perform IP discovery - socket closed
Moderatör A ses bağlantı hatası: Cannot perform IP discovery - socket closed
Moderatör A ses bağlantı hatası: Cannot perform IP discovery - socket closed
Moderatör A ses bağlantı hatası: Cannot perform IP discovery - socket closed
Moderatör A ses bağlantı hatası: Cannot perform IP discovery - socket closed
Moderatör A ses bağlantı hatası: Cannot perform IP discovery - socket closed
Moderatör A ses bağlantı hatası: Cannot perform IP discovery - socket closed
Moderatör A ses bağlantı hatası: Cannot perform IP discovery - socket closed
Moderatör A ses bağlantı hatası: Cannot perform IP discovery - socket closed
Moderatör A ses bağlantı hatası: Cannot perform IP discovery - socket closed
Moderatör A ses bağlantı hatası: Cannot perform IP discovery - socket closed
Moderatör A ses bağlantı hatası: The operation was aborted
Moderatör A ses bağlantı hatası: Cannot perform IP discovery - socket closed
Moderatör A ses bağlantı hatası: Cannot perform IP discovery - socket closed
Moderatör A ses bağlantı hatası: Cannot perform IP discovery - socket closed
Moderatör A ses bağlantı hatası: Cannot perform IP discovery - socket closed
Moderatör A ses bağlantı hatası: Cannot perform IP discovery - socket closed
Moderatör A ses bağlantı hatası: Cannot perform IP discovery - socket closed
Moderatör A ses bağlantı hatası: Cannot perform IP discovery - socket closed
Moderatör A ses bağlantı hatası: Cannot perform IP discovery - socket closed
Moderatör A ses bağlantı hatası: Cannot perform IP discovery - socket closed
Moderatör A ses bağlantı hatası: Cannot perform IP discovery - socket closed
Moderatör A ses bağlantı hatası: Cannot perform IP discovery - socket closed
Moderatör A ses bağlantı hatası: Cannot perform IP discovery - socket closed
Moderatör A ses bağlantı hatası: Cannot perform IP discovery - socket closed
Moderatör A ses bağlantı hatası: Cannot perform IP discovery - socket closed
Moderatör A ses bağlantı hatası: Cannot perform IP discovery - socket closed
Moderatör A ses bağlantı hatası: The operation was aborted
Moderatör A ses bağlantı hatası: The operation was aborted
Moderatör A ses bağlantı hatası: The operation was aborted
Moderatör A ses bağlantı hatası: The operation was aborted
Moderatör A ses bağlantı hatası: Cannot perform IP discovery - socket closed
Moderatör A ses bağlantı hatası: Cannot perform IP discovery - socket closed
Moderatör A ses bağlantı hatası: The operation was aborted
Moderatör A ses bağlantı hatası: read ECONNRESET
Moderatör A ses bağlantı hatası: Cannot perform IP discovery - socket closed
Moderatör A ses bağlantı hatası: Cannot perform IP discovery - socket closed
Moderatör A ses bağlantı hatası: Cannot perform IP discovery - socket closed
Moderatör A ses bağlantı hatası: Cannot perform IP discovery - socket closed
Moderatör A ses bağlantı hatası: Cannot perform IP discovery - socket closed
Moderatör A ses bağlantı hatası: Cannot perform IP discovery - socket closed
Moderatör A ses bağlantı hatası: Cannot perform IP discovery - socket closed
Moderatör A ses bağlantı hatası: Cannot perform IP discovery - socket closed
Moderatör A ses bağlantı hatası: Cannot perform IP discovery - socket closed
Moderatör A ses bağlantı hatası: Cannot perform IP discovery - socket closed
Moderatör A ses bağlantı hatası: Cannot perform IP discovery - socket closed
Moderatör A ses bağlantı hatası: Cannot perform IP discovery - socket closed
Moderatör A ses bağlantı hatası: Cannot perform IP discovery - socket closed
Moderatör A ses bağlantı hatası: Cannot perform IP discovery - socket closed
Moderatör A ses bağlantı hatası: Cannot perform IP discovery - socket closed
Moderatör A ses bağlantı hatası: Cannot perform IP discovery - socket closed
Moderatör A ses bağlantı hatası: Cannot perform IP discovery - socket closed
Moderatör A ses bağlantı hatası: Cannot perform IP discovery - socket closed
Moderatör A ses bağlantı hatası: Cannot perform IP discovery - socket closed
Moderatör A ses bağlantı hatası: The operation was aborted
Moderatör A ses bağlantı hatası: The operation was aborted
Moderatör A ses bağlantı hatası: Cannot perform IP discovery - socket closed
Moderatör A ses bağlantı hatası: Cannot perform IP discovery - socket closed
Moderatör A ses bağlantı hatası: Cannot perform IP discovery - socket closed
Moderatör A ses bağlantı hatası: Cannot perform IP discovery - socket closed
Moderatör A ses bağlantı hatası: Cannot perform IP discovery - socket closed
Moderatör A ses bağlantı hatası: Cannot perform IP discovery - socket closed
Moderatör A ses bağlantı hatası: Cannot perform IP discovery - socket closed
Moderatör A ses bağlantı hatası: Cannot perform IP discovery - socket closed
Moderatör A ses bağlantı hatası: Cannot perform IP discovery - socket closed
Moderatör A ses bağlantı hatası: Cannot perform IP discovery - socket closed
Moderatör A ses bağlantı hatası: Cannot perform IP discovery - socket closed
Moderatör A ses bağlantı hatası: Cannot perform IP discovery - socket closed
Moderatör A ses bağlantı hatası: Cannot perform IP discovery - socket closed
Moderatör A ses bağlantı hatası: Cannot perform IP discovery - socket closed
Moderatör A ses bağlantı hatası: Cannot perform IP discovery - socket closed
Moderatör A ses bağlantı hatası: The operation was aborted
Moderatör A ses bağlantı hatası: Cannot perform IP discovery - socket closed
Moderatör A ses bağlantı hatası: Cannot perform IP discovery - socket closed
Moderatör A ses bağlantı hatası: Cannot perform IP discovery - socket closed
Moderatör A ses bağlantı hatası: Cannot perform IP discovery - socket closed
Moderatör A ses bağlantı hatası: Cannot perform IP discovery - socket closed
Moderatör A ses bağlantı hatası: Cannot perform IP discovery - socket closed
Moderatör A ses bağlantı hatası: Cannot perform IP discovery - socket closed
Moderatör A ses bağlantı hatası: Cannot perform IP discovery - socket closed
Moderatör A ses bağlantı hatası: The operation was aborted
Moderatör A ses bağlantı hatası: The operation was aborted
Moderatör A ses bağlantı hatası: Cannot perform IP discovery - socket closed
Moderatör A ses bağlantı hatası: The operation was aborted
Moderatör A ses bağlantı hatası: The operation was aborted
Moderatör A ses bağlantı hatası: The operation was aborted
