◇ injected env (16) from .env // tip: ⌘ enable debugging { debug: true }
[WESH SYSTEM] Moderatör A active - ☆ The Wêsh Moderatör A#1617
Moderatör A ses kanalına bağlandı.
Moderatör A ses kanalına bağlandı.
Moderatör A ses kanalına bağlandı.
Moderatör A ses kanalına bağlandı.
Moderatör A ses kanalına bağlandı.
[WESH SYSTEM] Discord client error: Interaction has already been acknowledged.
[WESH SYSTEM] Discord client error: Unknown interaction
[WESH SYSTEM] Discord client error: Unknown interaction
[WESH SYSTEM] Discord client error: Unknown interaction
Moderatör A ses kanalına bağlandı.
[WESH SYSTEM] Unhandled rejection: ENOENT: no such file or directory, rename 'C:\Users\ynsal\Wesh-Discord-System\data\statistics.json.tmp' -> 'C:\Users\ynsal\Wesh-Discord-System\data\statistics.json'
Moderatör A ses kanalına bağlandı.
Moderatör A ses kanalına bağlandı.
[WESH SYSTEM] Unhandled rejection: ENOENT: no such file or directory, rename 'C:\Users\ynsal\Wesh-Discord-System\data\engagement.json.tmp' -> 'C:\Users\ynsal\Wesh-Discord-System\data\engagement.json'
Moderatör A ses kanalına bağlandı.
Moderatör A ses kanalına bağlandı.
Moderatör A ses kanalına bağlandı.
[WESH SYSTEM] Unhandled rejection: ENOENT: no such file or directory, rename 'C:\Users\ynsal\Wesh-Discord-System\data\engagement.json.tmp' -> 'C:\Users\ynsal\Wesh-Discord-System\data\engagement.json'
[WESH SYSTEM] Unhandled rejection: ENOENT: no such file or directory, rename 'C:\Users\ynsal\Wesh-Discord-System\data\engagement.json.tmp' -> 'C:\Users\ynsal\Wesh-Discord-System\data\engagement.json'
Moderatör A ses kanalına bağlandı.
Moderatör A ses kanalına bağlandı.
Moderatör A ses kanalına bağlandı.
Moderatör A ses kanalına bağlandı.
Moderatör A ses kanalına bağlandı.
